// Jest Snapshot v1, https://goo.gl/fbAQLP

exports[`Menu should render correctly 1`] = `
<DocumentFragment>
  <div
    class="css-0"
  >
    <h2
      class="chakra-heading css-1dklj6k"
    >
      My Menu
    </h2>
    <ul
      class="css-tu0njr"
      role="list"
    >
      <li
        class="css-0"
      >
        <div
          class="css-0"
        >
          <span>
            My Recipe N° 1 incremented 0 times
          </span>
          <button
            class="chakra-button css-taj3dd"
            type="button"
          >
            +
          </button>
        </div>
      </li>
      <li
        class="css-0"
      >
        <div
          class="css-0"
        >
          <span>
            My Recipe N° 2 incremented 0 times
          </span>
          <button
            class="chakra-button css-taj3dd"
            type="button"
          >
            +
          </button>
        </div>
      </li>
      <li
        class="css-0"
      >
        <div
          class="css-0"
        >
          <span>
            My Recipe N° 3 incremented 0 times
          </span>
          <button
            class="chakra-button css-taj3dd"
            type="button"
          >
            +
          </button>
        </div>
      </li>
    </ul>
  </div>
</DocumentFragment>
`;
